/home/ahnaf-zakaria/Desktop/NASA Spaceapps/.venv-assistant/lib/python3.12/site-packages/pydantic_graph/_utils.py:67: DeprecationWarning: There is no current event loop
  event_loop = asyncio.get_event_loop()
                 pydantic-ai v2.53.0 • Python 3.12.3

      / \        agent: agent • model: function:function:respond: • output: Draft • tools: 6
     /   \         capabilities: 0
   /___.___\
  /    |    \    observability: off — see every model and tool call live, with cost
/      |      \    set it up free with Logfire and a GitHub login: https://pydantic.dev/ai-setup.md
`---.._|_..---'    or use any OpenTelemetry backend: https://pydantic.dev/docs/ai/logfire/#otel

                 goes away once observability is on — or PYDANTIC_AI_NO_BANNER=1
................127.0.0.1 - - [05/Oct/2026 18:31:21] "POST /api/assistant/sessions HTTP/1.1" 200 -
127.0.0.1 - - [05/Oct/2026 18:31:21] "POST /api/assistant/views HTTP/1.1" 200 -
127.0.0.1 - - [05/Oct/2026 18:31:21] "POST /api/assistant/runs HTTP/1.1" 202 -
127.0.0.1 - - [05/Oct/2026 18:31:21] "GET /assistant.html HTTP/1.1" 200 -
....................................../usr/lib/python3.12/zipfile/__init__.py:1620: UserWarning: Duplicate name: 'board.json'
  return self._open_to_write(zinfo, force_zip64=force_zip64)
........
----------------------------------------------------------------------
Ran 62 tests in 30.400s

OK
