127.0.0.1 - - [05/Oct/2026 02:21:31] "GET /subpath/story/park-observations-browser-qa-a2cddeb9/index.html HTTP/1.1" 200 -
127.0.0.1 - - [05/Oct/2026 02:21:31] "GET /subpath/story/park-observations-browser-qa-a2cddeb9/reader.css HTTP/1.1" 200 -
127.0.0.1 - - [05/Oct/2026 02:21:31] "GET /subpath/story/park-observations-browser-qa-a2cddeb9/reader.js HTTP/1.1" 200 -
127.0.0.1 - - [05/Oct/2026 02:21:31] "GET /subpath/story/park-observations-browser-qa-a2cddeb9/story.json HTTP/1.1" 200 -
127.0.0.1 - - [05/Oct/2026 02:21:31] code 404, message File not found
127.0.0.1 - - [05/Oct/2026 02:21:31] "GET /favicon.ico HTTP/1.1" 404 -
127.0.0.1 - - [05/Oct/2026 02:21:31] "GET /subpath/story/park-observations-browser-qa-a2cddeb9/fallbacks/chapter-1.svg HTTP/1.1" 200 -
{
  "checks": [
    "Authentic Park: 6,224 eligible records and 2,228 joint cell-days retain distinct units.",
    "Explicit handoff refresh restores the same saved board.",
    "Manual grouped moves, keyboard movement, Undo, zoom and saved viewport restoration preserve frozen evidence.",
    "Chart interval and common-cell inspection update compatible linked displays without mutating the saved study or receipts.",
    "JARVIS runs checked source states through the existing orchestrator without a model key.",
    "Interval, highlighted cell, multi-card gallery, audience duration and camera transition resolve into the shared scene contract.",
    "Prepared map/chart/source states and chapter explore/resume preserve the saved scene.",
    "Opt-in transcript scrolling selects the visible saved chapter through the actual browser observer.",
    "Portable reader runs under a project subpath with no backend or external imagery requests.",
    "React Flow lazy mounts alongside its keyboard/table editor.",
    "React Flow recipe runs, saves node receipts and materializes a real editable story.",
    "The saved findings-to-story recipe runs and creates an editable story on the authentic Camp study context."
  ],
  "page_errors": [],
  "initial_load": {
    "requests": 17,
    "response_body_bytes": 602185,
    "measurement": "Cold browser context; same-origin decoded response bodies, without HTTP headers."
  },
  "narrow_layout": [
    {
      "width": 360,
      "scroll": 360
    },
    {
      "width": 390,
      "scroll": 390
    },
    {
      "width": 768,
      "scroll": 768
    }
  ],
  "interaction": {
    "group_move_ms": 62.08,
    "measurement": "Playwright click through visible saved-revision acknowledgment; includes automation overhead."
  },
  "browser_environment": {
    "user_agent": "Mozilla/5.0 (X11; Linux x86_64) AppleWebKit/537.36 (KHTML, like Gecko) HeadlessChrome/153.0.0.0 Safari/537.36",
    "device_memory_gib": 16,
    "hardware_concurrency": 12,
    "js_heap": {
      "used_bytes": 14016824,
      "total_bytes": 18746172,
      "limit_bytes": 4395630592
    }
  }
}
